###############################################################################
#
# IAR ELF Linker V8.40.2.214/W32 for ARM                  05/Oct/2019  13:49:31
# Copyright 2007-2019 IAR Systems AB.
#
#    Output file  =
#        C:\Users\Caio\Desktop\embarcados\embarcados\Projects\lab2\Debug\Exe\lab2.out
#    Map file     =
#        C:\Users\Caio\Desktop\embarcados\embarcados\Projects\lab2\Debug\List\lab2.map
#    Command line =
#        -f C:\Users\Caio\AppData\Local\Temp\EWEE36.tmp
#        (C:\Users\Caio\Desktop\embarcados\embarcados\TivaWare_C_Series-2.1.4.178\driverlib\ewarm\Exe\driverlib.a
#        C:\Users\Caio\Desktop\embarcados\embarcados\Projects\lab2\Debug\Obj\mainLab2.o
#        C:\Users\Caio\Desktop\embarcados\embarcados\Projects\lab2\Debug\Obj\startup_TM4C1294.o
#        C:\Users\Caio\Desktop\embarcados\embarcados\Projects\lab2\Debug\Obj\system_TM4C1294_TW.o
#        --no_out_extension -o
#        C:\Users\Caio\Desktop\embarcados\embarcados\Projects\lab2\Debug\Exe\lab2.out
#        --map
#        C:\Users\Caio\Desktop\embarcados\embarcados\Projects\lab2\Debug\List\lab2.map
#        --config "C:\Program Files (x86)\IAR Systems\Embedded Workbench
#        8.3\arm\config\linker\TexasInstruments\TM4C1294NC.icf" --semihosting
#        --entry __iar_program_start --vfe --text_out locale)
#
###############################################################################

*******************************************************************************
*** RUNTIME MODEL ATTRIBUTES
***

CppFlavor       = *
__SystemLibrary = DLib
__dlib_version  = 6


*******************************************************************************
*** HEAP SELECTION
***

The basic heap was selected because some modules are built with
size limitations (and not runtime checking), and --advanced_heap
was not specified.


*******************************************************************************
*** PLACEMENT SUMMARY
***

"A0":  place at address 0x0 { ro section .intvec };
"P1":  place in [from 0x0 to 0xf'ffff] { ro };
define block CSTACK with size = 32K, alignment = 8 { };
define block HEAP with size = 64K, alignment = 8 { };
"P2":  place in [from 0x2000'0000 to 0x2003'ffff] {
          rw, block CSTACK, block HEAP };

  Section   Kind         Address    Size  Object
  -------   ----         -------    ----  ------
"A0":                              0x3c0
  .intvec   ro code          0x0   0x3c0  startup_TM4C1294.o [1]
                         - 0x3c0   0x3c0

"P1":                              0x820
  .text     ro code        0x3c0   0x29c  sysctl.o [3]
  .rodata   const          0x65c   0x1b0  sysctl.o [3]
  .text     ro code        0x80c   0x1a4  gpio.o [3]
  .text     ro code        0x9b0    0x9c  mainLab2.o [1]
  .text     ro code        0xa4c    0x46  timer.o [3]
  .text     ro code        0xa92     0x2  startup_TM4C1294.o [1]
  .rodata   const          0xa94    0x6c  sysctl.o [3]
  .rodata   const          0xb00    0x30  sysctl.o [3]
  .text     ro code        0xb30    0x30  startup_TM4C1294.o [1]
  .text     ro code        0xb60    0x2c  system_TM4C1294_TW.o [1]
  .text     ro code        0xb8c    0x1e  cmain.o [4]
  .text     ro code        0xbaa     0x4  low_level_init.o [2]
  .text     ro code        0xbae     0x4  exit.o [2]
  .text     ro code        0xbb4     0xa  cexit.o [4]
  .text     ro code        0xbc0    0x14  exit.o [5]
  .text     ro code        0xbd4     0xc  cstartup_M.o [4]
                         - 0xbe0   0x820

"P2":                             0x8008
  .noinit   uninit   0x2000'0000     0x4  system_TM4C1294_TW.o [1]
  CSTACK             0x2000'0008  0x8000  <Block>
    CSTACK  uninit   0x2000'0008  0x8000  <Block tail>
                   - 0x2000'8008  0x8008

Unused ranges:

         From           To      Size
         ----           --      ----
        0xbe0     0xf'ffff  0xf'f420
  0x2000'8008  0x2003'ffff  0x3'7ff8



*******************************************************************************
*** MODULE SUMMARY
***

    Module                ro code  ro data  rw data
    ------                -------  -------  -------
command line/config:
    -----------------------------------------------
    Total:

C:\Users\Caio\Desktop\embarcados\embarcados\Projects\lab2\Debug\Obj: [1]
    mainLab2.o                156
    startup_TM4C1294.o      1'010
    system_TM4C1294_TW.o       44                 4
    -----------------------------------------------
    Total:                  1'210                 4

dl7M_tln.a: [2]
    exit.o                      4
    low_level_init.o            4
    -----------------------------------------------
    Total:                      8

driverlib.a: [3]
    gpio.o                    420
    sysctl.o                  668      588
    timer.o                    70
    -----------------------------------------------
    Total:                  1'158      588

rt7M_tl.a: [4]
    cexit.o                    10
    cmain.o                    30
    cstartup_M.o               12
    -----------------------------------------------
    Total:                     52

shb_l.a: [5]
    exit.o                     20
    -----------------------------------------------
    Total:                     20

    Gaps                        4
    Linker created                           32'768
---------------------------------------------------
    Grand Total:            2'452      588   32'772


*******************************************************************************
*** ENTRY LIST
***

Entry                       Address   Size  Type      Object
-----                       -------   ----  ----      ------
?main                         0xb8d         Code  Gb  cmain.o [4]
CSTACK$$Base            0x2000'0008          --   Gb  - Linker created -
CSTACK$$Limit           0x2000'8008          --   Gb  - Linker created -
GPIODirModeSet                0x80d   0x28  Code  Gb  gpio.o [3]
GPIOIntEnable                 0x983    0x6  Code  Gb  gpio.o [3]
GPIOIntTypeSet                0x835   0x4c  Code  Gb  gpio.o [3]
GPIOPadConfigSet              0x881  0x102  Code  Gb  gpio.o [3]
GPIOPinTypeGPIOInput          0x98d   0x14  Code  Gb  gpio.o [3]
Region$$Table$$Base             0x0          --   Gb  - Linker created -
Region$$Table$$Limit            0x0          --   Gb  - Linker created -
SysCtlClockFreqSet            0x421  0x1fc  Code  Gb  sysctl.o [3]
SysCtlPeripheralEnable        0x403    0x8  Code  Gb  sysctl.o [3]
SysCtlPeripheralReady         0x3e1    0x8  Code  Gb  sysctl.o [3]
SystemCoreClock         0x2000'0000    0x4  Data  Gb  system_TM4C1294_TW.o [1]
SystemInit                    0xb61   0x1a  Code  Gb  system_TM4C1294_TW.o [1]
TimerDisable                  0xa5d   0x12  Code  Gb  timer.o [3]
TimerEnable                   0xa4d   0x10  Code  Gb  timer.o [3]
TimerLoadSet                  0xa6f   0x18  Code  Gb  timer.o [3]
TimerValueGet                 0xa87    0xc  Code  Gb  timer.o [3]
_SysCtlMemTimingGet           0x3c1   0x20  Code  Lc  sysctl.o [3]
__Vectors                       0x0          --   Gb  startup_TM4C1294.o [1]
__Vectors_End                 0x3c0         Data  Gb  startup_TM4C1294.o [1]
__Vectors_Size {Abs}          0x3c0          --   Gb  startup_TM4C1294.o [1]
__cmain                       0xb8d         Code  Gb  cmain.o [4]
__exit                        0xbc1   0x14  Code  Gb  exit.o [5]
__iar_init_vfp                0xb55         Code  Wk  startup_TM4C1294.o [1]
__iar_program_start           0xbd5         Code  Gb  cstartup_M.o [4]
__low_level_init              0xbab    0x4  Code  Gb  low_level_init.o [2]
__vector_table                  0x0         Data  Gb  startup_TM4C1294.o [1]
__vector_table_0x1c            0x1c         Data  Gb  startup_TM4C1294.o [1]
_call_main                    0xb99         Code  Gb  cmain.o [4]
_exit                         0xbb5         Code  Gb  cexit.o [4]
_main                         0xba7         Code  Gb  cmain.o [4]
exit                          0xbaf    0x4  Code  Gb  exit.o [2]
g_pppui32XTALtoVCO            0x65c  0x1b0  Data  Lc  sysctl.o [3]
g_pui32VCOFrequencies         0x654    0x8  Data  Lc  sysctl.o [3]
g_pui32Xtals                  0xa94   0x6c  Data  Lc  sysctl.o [3]
g_sXTALtoMEMTIM               0xb00   0x30  Data  Lc  sysctl.o [3]
gpio_initialization           0x9b1   0x6c  Code  Gb  mainLab2.o [1]
main                          0xa1d   0x1a  Code  Gb  mainLab2.o [1]


[1] = C:\Users\Caio\Desktop\embarcados\embarcados\Projects\lab2\Debug\Obj
[2] = dl7M_tln.a
[3] = driverlib.a
[4] = rt7M_tl.a
[5] = shb_l.a

   2'452 bytes of readonly  code memory
     588 bytes of readonly  data memory
  32'772 bytes of readwrite data memory

Errors: none
Warnings: none
